(node:18624) [DEP0040] DeprecationWarning: The `punycode` module is deprecated. Please use a userland alternative instead.
(Use `node --trace-deprecation ...` to show where the warning was created)
info Welcome to React Native v0.75
info Starting dev server on port 8081...

                        ▒▒▓▓▓▓▒▒
                     ▒▓▓▓▒▒░░▒▒▓▓▓▒
                  ▒▓▓▓▓░░░▒▒▒▒░░░▓▓▓▓▒
                 ▓▓▒▒▒▓▓▓▓▓▓▓▓▓▓▓▓▒▒▒▓▓
                 ▓▓░░░░░▒▓▓▓▓▓▓▒░░░░░▓▓
                 ▓▓░░▓▓▒░░░▒▒░░░▒▓▒░░▓▓
                 ▓▓░░▓▓▓▓▓▒▒▒▒▓▓▓▓▒░░▓▓
                 ▓▓░░▓▓▓▓▓▓▓▓▓▓▓▓▓▒░░▓▓
                 ▓▓▒░░▒▒▓▓▓▓▓▓▓▓▒░░░▒▓▓
                  ▒▓▓▓▒░░░▒▓▓▒░░░▒▓▓▓▒
                     ▒▓▓▓▒░░░░▒▓▓▓▒
                        ▒▒▓▓▓▓▒▒


                Welcome to Metro v0.80.12
              Fast - Scalable - Integrated


info React Native v0.84.1 is now available (your project is running on v0.75.5).
info Changelog: https://github.com/facebook/react-native/releases/tag/v0.84.1
info Diff: https://react-native-community.github.io/upgrade-helper/?from=0.75.5&to=0.84.1
info For more info, check out "https://reactnative.dev/docs/upgrading?os=windows".
info Dev server ready

i - run on iOS
a - run on Android
d - open Dev Menu
r - reload app

 BUNDLE  ./index.js 

 BUNDLE  ./index.js 

 BUNDLE  ./index.js 

